<html>
<body>
<pre>
<h1>µVision Build Log</h1>
<h2>Tool Versions:</h2>
IDE-Version: ¦ÌVision V5.14.0.0
Copyright (C) 2015 ARM Ltd and ARM Germany GmbH. All rights reserved.
License Information: x chuoyeyeye@outlook.com, x, LIC=WHYH9-40MV6-01JP1-C9EN3-1IVFJ-HE56Y
 
Tool Versions:
Toolchain:       MDK-ARM Standard  Version: 5.14.0.0
Toolchain Path:  D:\keil5\ARM\ARMCC\Bin
C Compiler:      Armcc.exe V5.05 update 1 (build 106)
Assembler:       Armasm.exe V5.05 update 1 (build 106)
Linker/Locator:  ArmLink.exe V5.05 update 1 (build 106)
Library Manager: ArmAr.exe V5.05 update 1 (build 106)
Hex Converter:   FromElf.exe V5.05 update 1 (build 106)
CPU DLL:         SARMCM3.DLL V5.14.0.0
Dialog DLL:      DCM.DLL V1.13.1.0
Target DLL:      CMSIS_AGDI.dll V1.21.0.0
Dialog DLL:      TCM.DLL V1.14.4.0
 
<h2>Project:</h2>
C:\Users\chuoy\Desktop\¶«·½ºì\10_26_dawn\10_26_dawn\Ö÷¿Ø°å10.26Áè³¿\USER\Template.uvprojx
Project File Date:  10/25/2024

<h2>Output:</h2>
Build target 'Template'
compiling Move_command.c...
linking...
Program Size: Code=34792 RO-data=6504 RW-data=536 ZI-data=3000  
FromELF: creating hex file...
"..\OBJ\Template.axf" - 0 Error(s), 0 Warning(s).

<h2>Collection of Component include folders:</h2>
  C:\Users\chuoy\Desktop\¶«·½ºì\10_26_dawn\10_26_dawn\Ö÷¿Ø°å10.26Áè³¿\USER\RTE
  D:\keil5\ARM\PACK\Keil\STM32F4xx_DFP\2.16.0

<h2>Collection of Component Files used:</h2>
</pre>
</body>
</html>
